select binrowver(x) from generate_series(1,100,7) x;